===== OS =====
Oracle Linux Server release 7.9
===== HOSTNAME =====
   Static hostname: srvdb19c
         Icon name: computer-vm
           Chassis: vm
        Machine ID: 63337a24fd134f80a9af71859a02f184
           Boot ID: 030b0f42c3ba4e8ba24edfb47964eb3e
    Virtualization: vmware
  Operating System: Oracle Linux Server 7.9
       CPE OS Name: cpe:/o:oracle:linux:7:9:server
            Kernel: Linux 3.10.0-1160.el7.x86_64
      Architecture: x86-64
===== KERNEL =====
Linux srvdb19c 3.10.0-1160.el7.x86_64 #1 SMP Thu Oct 1 17:21:35 PDT 2020 x86_64 x86_64 x86_64 GNU/Linux
===== DISK =====
NAME   MAJ:MIN RM  SIZE RO TYPE MOUNTPOINT
sda      8:0    0  160G  0 disk 
├─sda1   8:1    0    2G  0 part /boot
├─sda2   8:2    0   50G  0 part /
├─sda3   8:3    0   16G  0 part [SWAP]
├─sda4   8:4    0    1K  0 part 
└─sda5   8:5    0   92G  0 part /u01
sr0     11:0    1 1024M  0 rom  
Filesystem      Size  Used Avail Use% Mounted on
devtmpfs        5.9G     0  5.9G   0% /dev
tmpfs           5.9G     0  5.9G   0% /dev/shm
tmpfs           5.9G   11M  5.9G   1% /run
tmpfs           5.9G     0  5.9G   0% /sys/fs/cgroup
/dev/sda2        50G  5.8G   45G  12% /
/dev/sda5        92G   33M   92G   1% /u01
/dev/sda1       2.0G  213M  1.8G  11% /boot
tmpfs           1.2G     0  1.2G   0% /run/user/0
tmpfs           1.2G   36K  1.2G   1% /run/user/1000
===== MEMORY =====
              total        used        free      shared  buff/cache   available
Mem:            11G        1.2G        8.5G         40M        2.0G         10G
Swap:           15G          0B         15G
===== CPU =====
Architecture:          x86_64
CPU op-mode(s):        32-bit, 64-bit
Byte Order:            Little Endian
CPU(s):                4
On-line CPU(s) list:   0-3
Thread(s) per core:    1
Core(s) per socket:    4
Socket(s):             1
NUMA node(s):          1
Vendor ID:             GenuineIntel
CPU family:            6
Model:                 140
Model name:            11th Gen Intel(R) Core(TM) i7-1165G7 @ 2.80GHz
Stepping:              1
CPU MHz:               2803.202
BogoMIPS:              5606.40
Hypervisor vendor:     VMware
Virtualization type:   full
L1d cache:             48K
L1i cache:             32K
L2 cache:              1280K
L3 cache:              12288K
NUMA node0 CPU(s):     0-3
Flags:                 fpu vme de pse tsc msr pae mce cx8 apic sep mtrr pge mca cmov pat pse36 clflush mmx fxsr sse sse2 ss ht syscall nx pdpe1gb rdtscp lm constant_tsc arch_perfmon rep_good nopl xtopology tsc_reliable nonstop_tsc eagerfpu pni pclmulqdq ssse3 fma cx16 pcid sse4_1 sse4_2 x2apic movbe popcnt aes xsave avx f16c rdrand hypervisor lahf_lm abm 3dnowprefetch invpcid_single ssbd ibrs ibpb stibp fsgsbase tsc_adjust bmi1 avx2 smep bmi2 erms invpcid avx512f avx512dq rdseed adx smap avx512ifma clflushopt clwb avx512cd sha_ni avx512bw avx512vl xsaveopt xsavec xgetbv1 arat avx512vbmi umip avx512_vbmi2 gfni vaes vpclmulqdq avx512_vnni avx512_bitalg avx512_vpopcntdq movdiri movdir64b md_clear spec_ctrl intel_stibp flush_l1d arch_capabilities
===== NETWORK =====
1: lo: <LOOPBACK,UP,LOWER_UP> mtu 65536 qdisc noqueue state UNKNOWN group default qlen 1000
    link/loopback 00:00:00:00:00:00 brd 00:00:00:00:00:00
    inet 127.0.0.1/8 scope host lo
       valid_lft forever preferred_lft forever
    inet6 ::1/128 scope host 
       valid_lft forever preferred_lft forever
2: ens33: <BROADCAST,MULTICAST,UP,LOWER_UP> mtu 1500 qdisc pfifo_fast state UP group default qlen 1000
    link/ether 00:0c:29:05:d8:ac brd ff:ff:ff:ff:ff:ff
    inet 192.168.197.129/24 brd 192.168.197.255 scope global noprefixroute dynamic ens33
       valid_lft 1264sec preferred_lft 1264sec
    inet6 fe80::5a36:84be:1276:694d/64 scope link noprefixroute 
       valid_lft forever preferred_lft forever
3: virbr0: <NO-CARRIER,BROADCAST,MULTICAST,UP> mtu 1500 qdisc noqueue state DOWN group default qlen 1000
    link/ether 52:54:00:a7:66:55 brd ff:ff:ff:ff:ff:ff
    inet 192.168.122.1/24 brd 192.168.122.255 scope global virbr0
       valid_lft forever preferred_lft forever
4: virbr0-nic: <BROADCAST,MULTICAST> mtu 1500 qdisc pfifo_fast master virbr0 state DOWN group default qlen 1000
    link/ether 52:54:00:a7:66:55 brd ff:ff:ff:ff:ff:ff
